------------------------------------------------------------
TimeQuest Timing Analyzer Summary
------------------------------------------------------------

Type  : Slow 850mV 85C Model Setup 'clk'
Slack : 0.099
TNS   : 0.000

Type  : Slow 850mV 85C Model Hold 'clk'
Slack : 0.197
TNS   : 0.000

Type  : Slow 850mV 85C Model Minimum Pulse Width 'clk'
Slack : -0.724
TNS   : -6.786

Type  : Slow 850mV 0C Model Setup 'clk'
Slack : 0.200
TNS   : 0.000

Type  : Slow 850mV 0C Model Hold 'clk'
Slack : 0.290
TNS   : 0.000

Type  : Slow 850mV 0C Model Minimum Pulse Width 'clk'
Slack : -0.724
TNS   : -7.962

Type  : Fast 850mV 85C Model Setup 'clk'
Slack : 0.531
TNS   : 0.000

Type  : Fast 850mV 85C Model Hold 'clk'
Slack : 0.102
TNS   : 0.000

Type  : Fast 850mV 85C Model Minimum Pulse Width 'clk'
Slack : -0.217
TNS   : -1.506

Type  : Fast 850mV 0C Model Setup 'clk'
Slack : 0.606
TNS   : 0.000

Type  : Fast 850mV 0C Model Hold 'clk'
Slack : 0.146
TNS   : 0.000

Type  : Fast 850mV 0C Model Minimum Pulse Width 'clk'
Slack : -0.166
TNS   : -1.160

------------------------------------------------------------
